------------------------------------------------------------
Timing Analyzer Summary
------------------------------------------------------------

Type  : Slow 1200mV 85C Model Setup 's_axi_aclk'
Slack : -1.464
TNS   : -54.178

Type  : Slow 1200mV 85C Model Hold 's_axi_aclk'
Slack : 0.402
TNS   : 0.000

Type  : Slow 1200mV 85C Model Minimum Pulse Width 's_axi_aclk'
Slack : -3.000
TNS   : -101.945

Type  : Slow 1200mV 0C Model Setup 's_axi_aclk'
Slack : -1.243
TNS   : -42.986

Type  : Slow 1200mV 0C Model Hold 's_axi_aclk'
Slack : 0.353
TNS   : 0.000

Type  : Slow 1200mV 0C Model Minimum Pulse Width 's_axi_aclk'
Slack : -3.000
TNS   : -101.945

Type  : Fast 1200mV 0C Model Setup 's_axi_aclk'
Slack : -0.183
TNS   : -2.110

Type  : Fast 1200mV 0C Model Hold 's_axi_aclk'
Slack : 0.181
TNS   : 0.000

Type  : Fast 1200mV 0C Model Minimum Pulse Width 's_axi_aclk'
Slack : -3.000
TNS   : -84.959

------------------------------------------------------------
