------------------------------------------------------------
Timing Analyzer Summary
------------------------------------------------------------

Type  : Slow 1100mV 85C Model Setup 'clk'
Slack : 5.721
TNS   : 0.000

Type  : Slow 1100mV 85C Model Hold 'clk'
Slack : 0.626
TNS   : 0.000

Type  : Slow 1100mV 85C Model Minimum Pulse Width 'clk'
Slack : 4.236
TNS   : 0.000

Type  : Slow 1100mV 0C Model Setup 'clk'
Slack : 5.467
TNS   : 0.000

Type  : Slow 1100mV 0C Model Hold 'clk'
Slack : 0.626
TNS   : 0.000

Type  : Slow 1100mV 0C Model Minimum Pulse Width 'clk'
Slack : 4.108
TNS   : 0.000

Type  : Fast 1100mV 85C Model Setup 'clk'
Slack : 8.287
TNS   : 0.000

Type  : Fast 1100mV 85C Model Hold 'clk'
Slack : 0.255
TNS   : 0.000

Type  : Fast 1100mV 85C Model Minimum Pulse Width 'clk'
Slack : 4.415
TNS   : 0.000

Type  : Fast 1100mV 0C Model Setup 'clk'
Slack : 8.368
TNS   : 0.000

Type  : Fast 1100mV 0C Model Hold 'clk'
Slack : 0.235
TNS   : 0.000

Type  : Fast 1100mV 0C Model Minimum Pulse Width 'clk'
Slack : 4.415
TNS   : 0.000

------------------------------------------------------------
