------------------------------------------------------------
Timing Analyzer Summary
------------------------------------------------------------

Type  : Slow 1200mV 85C Model Setup 'clk_in'
Slack : -74.267
TNS   : -2204.844

Type  : Slow 1200mV 85C Model Hold 'clk_in'
Slack : 0.430
TNS   : 0.000

Type  : Slow 1200mV 85C Model Recovery 'clk_in'
Slack : -1.704
TNS   : -50.721

Type  : Slow 1200mV 85C Model Removal 'clk_in'
Slack : 1.040
TNS   : 0.000

Type  : Slow 1200mV 85C Model Minimum Pulse Width 'clk_in'
Slack : -3.000
TNS   : -154.051

Type  : Slow 1200mV 0C Model Setup 'clk_in'
Slack : -66.849
TNS   : -1984.032

Type  : Slow 1200mV 0C Model Hold 'clk_in'
Slack : 0.396
TNS   : 0.000

Type  : Slow 1200mV 0C Model Recovery 'clk_in'
Slack : -1.442
TNS   : -42.035

Type  : Slow 1200mV 0C Model Removal 'clk_in'
Slack : 0.945
TNS   : 0.000

Type  : Slow 1200mV 0C Model Minimum Pulse Width 'clk_in'
Slack : -3.000
TNS   : -154.019

Type  : Fast 1200mV 0C Model Setup 'clk_in'
Slack : -36.626
TNS   : -1046.333

Type  : Fast 1200mV 0C Model Hold 'clk_in'
Slack : 0.189
TNS   : 0.000

Type  : Fast 1200mV 0C Model Recovery 'clk_in'
Slack : -0.418
TNS   : -7.115

Type  : Fast 1200mV 0C Model Removal 'clk_in'
Slack : 0.495
TNS   : 0.000

Type  : Fast 1200mV 0C Model Minimum Pulse Width 'clk_in'
Slack : -3.000
TNS   : -121.734

------------------------------------------------------------
